// Jest Snapshot v1, https://goo.gl/fbAQLP

exports[`renders correctly 1`] = `
<div
  className="card"
  onClick={[Function]}
>
  <label>
    name
  </label>
  <i
    className="fa-solid fa-star"
  >
    1000
  </i>
</div>
`;
