// Jest Snapshot v1, https://goo.gl/fbAQLP

exports[`renders correctly 1`] = `
<div
  className="navbar"
>
  <div
    className="home"
    onClick={[Function]}
  >
    HOME
  </div>
  <h1>
    title
  </h1>
</div>
`;
